GAMS 44.3.0  8b8fb1cb Sep 1, 2023           WEX-WEI x86 64bit/MS Windows - 10/12/23 23:31:31 Page 1
G e n e r a l   A l g e b r a i c   M o d e l i n g   S y s t e m
C o m p i l a t i o n


   1  sets
   2      Destinations / SFO, IAH, DCA, MCO /
   3      Hubs / ORD, DTW, MSP /
   4      HubsWithoutORD(Hubs) / DTW, MSP /;
   5   
   6  parameters
   7      timeMSNtoHub(Hubs) / ORD 22, DTW 65, MSP 46 /
   8      timeHubtoDest(Hubs, Destinations) /ORD.SFO 247, ORD.IAH 124, ORD.DCA 82, ORD.MCO 135,
   9                                         DTW.SFO 280, DTW.IAH 147, DTW.DCA 53, DTW.MCO 130,
  10                                         MSP.SFO 213, MSP.IAH 139, MSP.DCA 125, MSP.MCO 176 /
  11  *expected value of uniform distributed delay time
  12      delay(Hubs) / ORD 90, DTW 45, MSP 60 /
  13  *worst scenario delay time
  14      worst(Hubs) /ORD 180, DTW 90, MSP 120/;
  15   
  16  variables
  17  *minimum total flight time flying with United
  18      TotalTimeUnited
  19  *minimum total time flying with Delta(for 3.1)
  20      TotalTimeDelta1
  21  *minimum total time flying with Delta and using the same hub everytime(for 3.2)
  22      TotalTimeDelta2
  23  *minimum total flight time not considering flyer miles and hubs (for 3.3)
  24      TotalTravelTime;
  25   
  26   
  27  binary variables
  28  *HubChosenDeltaDTW and HubChosenDeltaMSP are binary variable, if selected, it is assigned a value of 1 and 0 otherwise.
  29      HubChosenDeltaDTW
  30      HubChosenDeltaMSP
  31      RouteChosen(Hubs, Destinations);
  32   
  33  equation
  34      ObjectiveUnited
  35      ObjectiveDelta1
  36      ObjectiveDelta2
  37      OnlyOneHubChosen
  38      ObjectiveTotal
  39      OnlyOneRouteForEachDestination(Destinations);
  40   
  41  ObjectiveUnited..
  42      TotalTimeUnited =e= sum(Destinations, 3 * (timeMSNtoHub('ORD') + timeHubtoDest('ORD', Destinations) + delay('ORD')));
  43   
  44  ObjectiveDelta1..
  45      TotalTimeDelta1 =e= sum(Destinations, 3 * smin(HubsWithoutORD, timeMSNtoHub(HubsWithoutORD) + timeHubtoDest(HubsWithoutORD, Destinations) + delay(HubsWithoutORD)));
  46   
  47  ObjectiveDelta2..
  48      TotalTimeDelta2 =e= sum(Destinations, 3 * (
  49          HubChosenDeltaDTW * (timeMSNtoHub('DTW') + timeHubtoDest('DTW', Destinations) + delay('DTW'))
  50        + HubChosenDeltaMSP * (timeMSNtoHub('MSP') + timeHubtoDest('MSP', Destinations) + delay('MSP'))
  51      ));
  52   
  53  OnlyOneHubChosen..
  54      HubChosenDeltaDTW + HubChosenDeltaMSP =e= 1;
  55   
  56  ObjectiveTotal..
  57      TotalTravelTime =e= sum(Destinations, sum(Hubs, RouteChosen(Hubs, Destinations) * (timeMSNtoHub(Hubs) + timeHubtoDest(Hubs, Destinations) + delay(Hubs))));
  58   
  59  OnlyOneRouteForEachDestination(Destinations)..
  60      sum(Hubs, RouteChosen(Hubs, Destinations)) =e= 1;
  61   
  62  *(3.1)
  63  model AirlineChoiceUnited / ObjectiveUnited /;
  64  model AirlineChoiceDelta1 / ObjectiveDelta1 /;
  65   
  66  solve AirlineChoiceUnited using lp minimizing TotalTimeUnited;
  67   
  68  display TotalTimeUnited.l;
  69   
  70  solve AirlineChoiceDelta1 using lp minimizing TotalTimeDelta1;
  71   
  72  display TotalTimeDelta1.l;
  73   
  74  *TotalTimeDelta1.l=2901 < TotalTimeUnited.l=3108,so Prof. Wright should switch to Delta.
  75   
  76   
  77  *(3.2)
  78  model AirlineChoiceDelta2 / ObjectiveDelta2, OnlyOneHubChosen /;
  79   
  80  solve AirlineChoiceDelta2 using MIP minimizing TotalTimeDelta2;
  81   
  82  display TotalTimeUnited.l;
  83   
  84  display TotalTimeDelta2.l;
  85   
  86  display HubChosenDeltaDTW.l
  87   
  88  *Conlusion: TotalTimeDelta2.l=3150 > TotalTimeUnited.l=3108. Prof.Wright should not switch to delta
  89   
  90  *(3.3)
  91  model BestRouteForEachDestination / ObjectiveTotal, OnlyOneRouteForEachDestination /;
  92   
  93  solve BestRouteForEachDestination using miP minimizing TotalTravelTime;
  94   
  95  display TotalTravelTime.l, RouteChosen.l;
  96   
  97  *Conlusion: The minimum time cost is 958 when flyer miles is not considered.
  98   
      The above progra is designed base on using expected value of uniform distributed delay time
      The following program is based on the worst scenario (longest delay time for each hub)
 103   
 104  variables
 105  *minimum total flight time flying with United
 106      w_TotalTimeUnited
 107  *minimum total time flying with Delta(for 3.1)
 108      w_TotalTimeDelta1
 109  *minimum total time flying with Delta and using the same hub everytime(for 3.2)
 110      w_TotalTimeDelta2
 111  *minimum total flight time not considering flyer miles and hubs (for 3.3)
 112      w_TotalTravelTime;
 113   
 114   
 115  equation
 116      w_ObjectiveUnited
 117      w_ObjectiveDelta1
 118      w_ObjectiveDelta2
 119      w_OnlyOneHubChosen
 120      w_ObjectiveTotal
 121      w_OnlyOneRouteForEachDestination(Destinations);
 122   
 123  w_ObjectiveUnited..
 124      w_TotalTimeUnited =e= sum(Destinations, 3 * (timeMSNtoHub('ORD') + timeHubtoDest('ORD', Destinations) + worst('ORD')));
 125   
 126  w_ObjectiveDelta1..
 127      w_TotalTimeDelta1 =e= sum(Destinations, 3 * smin(HubsWithoutORD, timeMSNtoHub(HubsWithoutORD) + timeHubtoDest(HubsWithoutORD, Destinations) + worst(HubsWithoutORD)));
 128   
 129  w_ObjectiveDelta2..
 130      w_TotalTimeDelta2 =e= sum(Destinations, 3 * (
 131          HubChosenDeltaDTW * (timeMSNtoHub('DTW') + timeHubtoDest('DTW', Destinations) + worst('DTW'))
 132        + HubChosenDeltaMSP * (timeMSNtoHub('MSP') + timeHubtoDest('MSP', Destinations) + worst('MSP'))
 133      ));
 134   
 135  w_OnlyOneHubChosen..
 136      HubChosenDeltaDTW + HubChosenDeltaMSP =e= 1;
 137   
 138  w_ObjectiveTotal..
 139      w_TotalTravelTime =e= sum(Destinations, sum(Hubs, RouteChosen(Hubs, Destinations) * (timeMSNtoHub(Hubs) + timeHubtoDest(Hubs, Destinations) + worst(Hubs))));
 140   
 141  w_OnlyOneRouteForEachDestination(Destinations)..
 142      sum(Hubs, RouteChosen(Hubs, Destinations)) =e= 1;
 143   
 144  *(3.1)
 145  model w_AirlineChoiceUnited / w_ObjectiveUnited /;
 146  model w_AirlineChoiceDelta1 / w_ObjectiveDelta1 /;
 147   
 148  solve w_AirlineChoiceUnited using lp minimizing w_TotalTimeUnited;
 149   
 150  display w_TotalTimeUnited.l;
 151   
 152  solve w_AirlineChoiceDelta1 using lp minimizing w_TotalTimeDelta1;
 153   
 154  display w_TotalTimeDelta1.l;
 155   
 156  *TotalTimeDelta1.l=3522 < TotalTimeUnited.l=4188,so Prof. Wright should switch to Delta.
 157   
 158  *(3.2)
 159  model w_AirlineChoiceDelta2 / w_ObjectiveDelta2, w_OnlyOneHubChosen /;
 160   
 161  solve w_AirlineChoiceDelta2 using MIP minimizing w_TotalTimeDelta2;
 162   
 163  display w_TotalTimeUnited.l;
 164   
 165  display w_TotalTimeDelta2.l;
 166   
 167  display  RouteChosen.l;
 168  *Conlusion: TotalTimeDelta2.l=3690 < TotalTimeUnited.l=4188. Prof.Wright should fly delta from dtw
 169   
 170  *(3.3)
 171  model w_BestRouteForEachDestination / w_ObjectiveTotal, w_OnlyOneRouteForEachDestination /;
 172   
 173  solve w_BestRouteForEachDestination using miP minimizing w_TotalTravelTime;
 174   
 175  display w_TotalTravelTime.l, RouteChosen.l;
 176   
 177  *Conlusion: The minimum time cost is 1174 when flyer miles is not considered.
 178   


COMPILATION TIME     =        0.000 SECONDS      3 MB  44.3.0 8b8fb1cb WEX-WEI
GAMS 44.3.0  8b8fb1cb Sep 1, 2023           WEX-WEI x86 64bit/MS Windows - 10/12/23 23:31:31 Page 2
G e n e r a l   A l g e b r a i c   M o d e l i n g   S y s t e m
Equation Listing    SOLVE AirlineChoiceUnited Using LP From line 66


---- ObjectiveUnited  =E=  

ObjectiveUnited..  TotalTimeUnited =E= 3108 ; (LHS = 0, INFES = 3108 ****)
     
GAMS 44.3.0  8b8fb1cb Sep 1, 2023           WEX-WEI x86 64bit/MS Windows - 10/12/23 23:31:31 Page 3
G e n e r a l   A l g e b r a i c   M o d e l i n g   S y s t e m
Column Listing      SOLVE AirlineChoiceUnited Using LP From line 66


---- TotalTimeUnited  

TotalTimeUnited
                (.LO, .L, .UP, .M = -INF, 0, +INF, 0)
        1       ObjectiveUnited

GAMS 44.3.0  8b8fb1cb Sep 1, 2023           WEX-WEI x86 64bit/MS Windows - 10/12/23 23:31:31 Page 4
G e n e r a l   A l g e b r a i c   M o d e l i n g   S y s t e m
Range Statistics    SOLVE AirlineChoiceUnited Using LP From line 66


RANGE STATISTICS (ABSOLUTE NON-ZERO FINITE VALUES)

RHS       [min, max] : [ 3.108E+03, 3.108E+03]
Bound     [min, max] : [        NA,        NA]
Matrix    [min, max] : [ 1.000E+00, 1.000E+00]

GAMS 44.3.0  8b8fb1cb Sep 1, 2023           WEX-WEI x86 64bit/MS Windows - 10/12/23 23:31:31 Page 5
G e n e r a l   A l g e b r a i c   M o d e l i n g   S y s t e m
Model Statistics    SOLVE AirlineChoiceUnited Using LP From line 66


MODEL STATISTICS

BLOCKS OF EQUATIONS           1     SINGLE EQUATIONS            1
BLOCKS OF VARIABLES           1     SINGLE VARIABLES            1
NON ZERO ELEMENTS             1


GENERATION TIME      =        0.000 SECONDS      4 MB  44.3.0 8b8fb1cb WEX-WEI
GAMS 44.3.0  8b8fb1cb Sep 1, 2023           WEX-WEI x86 64bit/MS Windows - 10/12/23 23:31:31 Page 6
G e n e r a l   A l g e b r a i c   M o d e l i n g   S y s t e m
Solution Report     SOLVE AirlineChoiceUnited Using LP From line 66


               S O L V E      S U M M A R Y

     MODEL   AirlineChoiceUnited   OBJECTIVE  TotalTimeUnited
     TYPE    LP                    DIRECTION  MINIMIZE
     SOLVER  CPLEX                 FROM LINE  66

**** SOLVER STATUS     1 Normal Completion
**** MODEL STATUS      1 Optimal
**** OBJECTIVE VALUE             3108.0000

 RESOURCE USAGE, LIMIT          0.000 10000000000.000
 ITERATION COUNT, LIMIT         0    2147483647
--- GAMS/CPLEX licensed for continuous and discrete problems.
--- GMO setup time: 0.00s
--- GMO memory 0.50 Mb (peak 0.50 Mb)
--- Dictionary memory 0.00 Mb
--- Cplex 22.1.1.0 link memory 0.00 Mb (peak 0.00 Mb)
--- Starting Cplex


--- LP status (1): optimal.
--- Cplex Time: 0.00sec (det. 0.00 ticks)


Optimal solution found
Objective:         3108.000000


                           LOWER          LEVEL          UPPER         MARGINAL

---- EQU Objective~      3108.0000      3108.0000      3108.0000         1.0000      

                           LOWER          LEVEL          UPPER         MARGINAL

---- VAR TotalTime~        -INF         3108.0000        +INF             .          


**** REPORT SUMMARY :        0     NONOPT
                             0 INFEASIBLE
                             0  UNBOUNDED
GAMS 44.3.0  8b8fb1cb Sep 1, 2023           WEX-WEI x86 64bit/MS Windows - 10/12/23 23:31:31 Page 7
G e n e r a l   A l g e b r a i c   M o d e l i n g   S y s t e m
E x e c u t i o n


----     68 VARIABLE TotalTimeUnited.L     =     3108.000  
GAMS 44.3.0  8b8fb1cb Sep 1, 2023           WEX-WEI x86 64bit/MS Windows - 10/12/23 23:31:31 Page 8
G e n e r a l   A l g e b r a i c   M o d e l i n g   S y s t e m
Equation Listing    SOLVE AirlineChoiceDelta1 Using LP From line 70


---- ObjectiveDelta1  =E=  

ObjectiveDelta1..  TotalTimeDelta1 =E= 2901 ; (LHS = 0, INFES = 2901 ****)
     
GAMS 44.3.0  8b8fb1cb Sep 1, 2023           WEX-WEI x86 64bit/MS Windows - 10/12/23 23:31:31 Page 9
G e n e r a l   A l g e b r a i c   M o d e l i n g   S y s t e m
Column Listing      SOLVE AirlineChoiceDelta1 Using LP From line 70


---- TotalTimeDelta1  

TotalTimeDelta1
                (.LO, .L, .UP, .M = -INF, 0, +INF, 0)
        1       ObjectiveDelta1

GAMS 44.3.0  8b8fb1cb Sep 1, 2023           WEX-WEI x86 64bit/MS Windows - 10/12/23 23:31:31 Page 10
G e n e r a l   A l g e b r a i c   M o d e l i n g   S y s t e m
Range Statistics    SOLVE AirlineChoiceDelta1 Using LP From line 70


RANGE STATISTICS (ABSOLUTE NON-ZERO FINITE VALUES)

RHS       [min, max] : [ 2.901E+03, 2.901E+03]
Bound     [min, max] : [        NA,        NA]
Matrix    [min, max] : [ 1.000E+00, 1.000E+00]

GAMS 44.3.0  8b8fb1cb Sep 1, 2023           WEX-WEI x86 64bit/MS Windows - 10/12/23 23:31:31 Page 11
G e n e r a l   A l g e b r a i c   M o d e l i n g   S y s t e m
Model Statistics    SOLVE AirlineChoiceDelta1 Using LP From line 70


MODEL STATISTICS

BLOCKS OF EQUATIONS           1     SINGLE EQUATIONS            1
BLOCKS OF VARIABLES           1     SINGLE VARIABLES            1
NON ZERO ELEMENTS             1


GENERATION TIME      =        0.000 SECONDS      4 MB  44.3.0 8b8fb1cb WEX-WEI
GAMS 44.3.0  8b8fb1cb Sep 1, 2023           WEX-WEI x86 64bit/MS Windows - 10/12/23 23:31:31 Page 12
G e n e r a l   A l g e b r a i c   M o d e l i n g   S y s t e m
Solution Report     SOLVE AirlineChoiceDelta1 Using LP From line 70


               S O L V E      S U M M A R Y

     MODEL   AirlineChoiceDelta1   OBJECTIVE  TotalTimeDelta1
     TYPE    LP                    DIRECTION  MINIMIZE
     SOLVER  CPLEX                 FROM LINE  70

**** SOLVER STATUS     1 Normal Completion
**** MODEL STATUS      1 Optimal
**** OBJECTIVE VALUE             2901.0000

 RESOURCE USAGE, LIMIT          0.016 10000000000.000
 ITERATION COUNT, LIMIT         0    2147483647
--- GAMS/CPLEX licensed for continuous and discrete problems.
--- GMO setup time: 0.00s
--- GMO memory 0.50 Mb (peak 0.50 Mb)
--- Dictionary memory 0.00 Mb
--- Cplex 22.1.1.0 link memory 0.00 Mb (peak 0.00 Mb)
--- Starting Cplex


--- LP status (1): optimal.
--- Cplex Time: 0.02sec (det. 0.00 ticks)


Optimal solution found
Objective:         2901.000000


                           LOWER          LEVEL          UPPER         MARGINAL

---- EQU Objective~      2901.0000      2901.0000      2901.0000         1.0000      

                           LOWER          LEVEL          UPPER         MARGINAL

---- VAR TotalTime~        -INF         2901.0000        +INF             .          


**** REPORT SUMMARY :        0     NONOPT
                             0 INFEASIBLE
                             0  UNBOUNDED
GAMS 44.3.0  8b8fb1cb Sep 1, 2023           WEX-WEI x86 64bit/MS Windows - 10/12/23 23:31:31 Page 13
G e n e r a l   A l g e b r a i c   M o d e l i n g   S y s t e m
E x e c u t i o n


----     72 VARIABLE TotalTimeDelta1.L     =     2901.000  
GAMS 44.3.0  8b8fb1cb Sep 1, 2023           WEX-WEI x86 64bit/MS Windows - 10/12/23 23:31:31 Page 14
G e n e r a l   A l g e b r a i c   M o d e l i n g   S y s t e m
Equation Listing    SOLVE AirlineChoiceDelta2 Using MIP From line 80


---- ObjectiveDelta2  =E=  

ObjectiveDelta2..  TotalTimeDelta2 - 3150*HubChosenDeltaDTW - 3231*HubChosenDeltaMSP =E= 0 ; (LHS = 0)
     

---- OnlyOneHubChosen  =E=  

OnlyOneHubChosen..  HubChosenDeltaDTW + HubChosenDeltaMSP =E= 1 ; (LHS = 0, INFES = 1 ****)
     
GAMS 44.3.0  8b8fb1cb Sep 1, 2023           WEX-WEI x86 64bit/MS Windows - 10/12/23 23:31:31 Page 15
G e n e r a l   A l g e b r a i c   M o d e l i n g   S y s t e m
Column Listing      SOLVE AirlineChoiceDelta2 Using MIP From line 80


---- TotalTimeDelta2  

TotalTimeDelta2
                (.LO, .L, .UP, .M = -INF, 0, +INF, 0)
        1       ObjectiveDelta2


---- HubChosenDeltaDTW  

HubChosenDeltaDTW
                (.LO, .L, .UP, .M = 0, 0, 1, 0)
    -3150       ObjectiveDelta2
        1       OnlyOneHubChosen


---- HubChosenDeltaMSP  

HubChosenDeltaMSP
                (.LO, .L, .UP, .M = 0, 0, 1, 0)
    -3231       ObjectiveDelta2
        1       OnlyOneHubChosen

GAMS 44.3.0  8b8fb1cb Sep 1, 2023           WEX-WEI x86 64bit/MS Windows - 10/12/23 23:31:31 Page 16
G e n e r a l   A l g e b r a i c   M o d e l i n g   S y s t e m
Range Statistics    SOLVE AirlineChoiceDelta2 Using MIP From line 80


RANGE STATISTICS (ABSOLUTE NON-ZERO FINITE VALUES)

RHS       [min, max] : [ 1.000E+00, 1.000E+00] - Zero values observed as well
Bound     [min, max] : [ 1.000E+00, 1.000E+00] - Zero values observed as well
Matrix    [min, max] : [ 1.000E+00, 3.231E+03]

GAMS 44.3.0  8b8fb1cb Sep 1, 2023           WEX-WEI x86 64bit/MS Windows - 10/12/23 23:31:31 Page 17
G e n e r a l   A l g e b r a i c   M o d e l i n g   S y s t e m
Model Statistics    SOLVE AirlineChoiceDelta2 Using MIP From line 80


MODEL STATISTICS

BLOCKS OF EQUATIONS           2     SINGLE EQUATIONS            2
BLOCKS OF VARIABLES           3     SINGLE VARIABLES            3
NON ZERO ELEMENTS             5     DISCRETE VARIABLES          2


GENERATION TIME      =        0.000 SECONDS      4 MB  44.3.0 8b8fb1cb WEX-WEI
GAMS 44.3.0  8b8fb1cb Sep 1, 2023           WEX-WEI x86 64bit/MS Windows - 10/12/23 23:31:31 Page 18
G e n e r a l   A l g e b r a i c   M o d e l i n g   S y s t e m
Solution Report     SOLVE AirlineChoiceDelta2 Using MIP From line 80


               S O L V E      S U M M A R Y

     MODEL   AirlineChoiceDelta2   OBJECTIVE  TotalTimeDelta2
     TYPE    MIP                   DIRECTION  MINIMIZE
     SOLVER  CPLEX                 FROM LINE  80

**** SOLVER STATUS     1 Normal Completion
**** MODEL STATUS      1 Optimal
**** OBJECTIVE VALUE             3150.0000

 RESOURCE USAGE, LIMIT          0.000 10000000000.000
 ITERATION COUNT, LIMIT         0    2147483647
--- GAMS/CPLEX licensed for continuous and discrete problems.
--- GMO setup time: 0.00s
--- GMO memory 0.50 Mb (peak 0.50 Mb)
--- Dictionary memory 0.00 Mb
--- Cplex 22.1.1.0 link memory 0.00 Mb (peak 0.00 Mb)
--- Starting Cplex


--- MIP status (101): integer optimal solution.
--- Cplex Time: 0.00sec (det. 0.00 ticks)

--- Returning a primal only solution to GAMS (marginals all set to NA).
--- Fixing integer variables and solving final LP...


--- Fixed MIP status (1): optimal.
--- Cplex Time: 0.00sec (det. 0.00 ticks)


Proven optimal solution
MIP Solution:         3150.000000    (0 iterations, 0 nodes)
Final Solve:          3150.000000    (0 iterations)

Best possible:        3150.000000
Absolute gap:            0.000000
Relative gap:            0.000000


                           LOWER          LEVEL          UPPER         MARGINAL

---- EQU Objective~          .              .              .             1.0000      
---- EQU OnlyOneHu~         1.0000         1.0000         1.0000          .          

                           LOWER          LEVEL          UPPER         MARGINAL

---- VAR TotalTime~        -INF         3150.0000        +INF             .          
---- VAR HubChosen~          .             1.0000         1.0000      3150.0000      
---- VAR HubChosen~          .              .             1.0000      3231.0000      


**** REPORT SUMMARY :        0     NONOPT
                             0 INFEASIBLE
                             0  UNBOUNDED
GAMS 44.3.0  8b8fb1cb Sep 1, 2023           WEX-WEI x86 64bit/MS Windows - 10/12/23 23:31:31 Page 19
G e n e r a l   A l g e b r a i c   M o d e l i n g   S y s t e m
E x e c u t i o n


----     82 VARIABLE TotalTimeUnited.L     =     3108.000  

----     84 VARIABLE TotalTimeDelta2.L     =     3150.000  

----     86 VARIABLE HubChosenDeltaDTW.L   =        1.000  
GAMS 44.3.0  8b8fb1cb Sep 1, 2023           WEX-WEI x86 64bit/MS Windows - 10/12/23 23:31:31 Page 20
G e n e r a l   A l g e b r a i c   M o d e l i n g   S y s t e m
Equation Listing    SOLVE BestRouteForEachDestination Using MIP From line 93


---- ObjectiveTotal  =E=  

ObjectiveTotal..  TotalTravelTime - 359*RouteChosen(ORD,SFO) - 236*RouteChosen(ORD,IAH) - 194*RouteChosen(ORD,DCA) - 247*RouteChosen(ORD,MCO) - 390*RouteChosen(DTW,SFO) - 257*RouteChosen(DTW,IAH) - 163*RouteChosen(DTW,DCA) - 240*RouteChosen(DTW,MCO) - 319*RouteChosen(MSP,SFO) - 245*RouteChosen(MSP,IAH) - 231*RouteChosen(MSP,DCA) - 282*RouteChosen(MSP,MCO) =E= 0 ; (LHS = 0)
     

---- OnlyOneRouteForEachDestination  =E=  

OnlyOneRouteForEachDestination(SFO)..  RouteChosen(ORD,SFO) + RouteChosen(DTW,SFO) + RouteChosen(MSP,SFO) =E= 1 ; (LHS = 0, INFES = 1 ****)
     
OnlyOneRouteForEachDestination(IAH)..  RouteChosen(ORD,IAH) + RouteChosen(DTW,IAH) + RouteChosen(MSP,IAH) =E= 1 ; (LHS = 0, INFES = 1 ****)
     
OnlyOneRouteForEachDestination(DCA)..  RouteChosen(ORD,DCA) + RouteChosen(DTW,DCA) + RouteChosen(MSP,DCA) =E= 1 ; (LHS = 0, INFES = 1 ****)
     
REMAINING ENTRY SKIPPED

GAMS 44.3.0  8b8fb1cb Sep 1, 2023           WEX-WEI x86 64bit/MS Windows - 10/12/23 23:31:31 Page 21
G e n e r a l   A l g e b r a i c   M o d e l i n g   S y s t e m
Column Listing      SOLVE BestRouteForEachDestination Using MIP From line 93


---- TotalTravelTime  

TotalTravelTime
                (.LO, .L, .UP, .M = -INF, 0, +INF, 0)
        1       ObjectiveTotal


---- RouteChosen  

RouteChosen(ORD,SFO)
                (.LO, .L, .UP, .M = 0, 0, 1, 0)
     -359       ObjectiveTotal
        1       OnlyOneRouteForEachDestination(SFO)

RouteChosen(ORD,IAH)
                (.LO, .L, .UP, .M = 0, 0, 1, 0)
     -236       ObjectiveTotal
        1       OnlyOneRouteForEachDestination(IAH)

RouteChosen(ORD,DCA)
                (.LO, .L, .UP, .M = 0, 0, 1, 0)
     -194       ObjectiveTotal
        1       OnlyOneRouteForEachDestination(DCA)

REMAINING 9 ENTRIES SKIPPED
GAMS 44.3.0  8b8fb1cb Sep 1, 2023           WEX-WEI x86 64bit/MS Windows - 10/12/23 23:31:31 Page 22
G e n e r a l   A l g e b r a i c   M o d e l i n g   S y s t e m
Range Statistics    SOLVE BestRouteForEachDestination Using MIP From line 93


RANGE STATISTICS (ABSOLUTE NON-ZERO FINITE VALUES)

RHS       [min, max] : [ 1.000E+00, 1.000E+00] - Zero values observed as well
Bound     [min, max] : [ 1.000E+00, 1.000E+00] - Zero values observed as well
Matrix    [min, max] : [ 1.000E+00, 3.900E+02]

GAMS 44.3.0  8b8fb1cb Sep 1, 2023           WEX-WEI x86 64bit/MS Windows - 10/12/23 23:31:31 Page 23
G e n e r a l   A l g e b r a i c   M o d e l i n g   S y s t e m
Model Statistics    SOLVE BestRouteForEachDestination Using MIP From line 93


MODEL STATISTICS

BLOCKS OF EQUATIONS           2     SINGLE EQUATIONS            5
BLOCKS OF VARIABLES           2     SINGLE VARIABLES           13
NON ZERO ELEMENTS            25     DISCRETE VARIABLES         12


GENERATION TIME      =        0.000 SECONDS      4 MB  44.3.0 8b8fb1cb WEX-WEI
GAMS 44.3.0  8b8fb1cb Sep 1, 2023           WEX-WEI x86 64bit/MS Windows - 10/12/23 23:31:31 Page 24
G e n e r a l   A l g e b r a i c   M o d e l i n g   S y s t e m
Solution Report     SOLVE BestRouteForEachDestination Using MIP From line 93


               S O L V E      S U M M A R Y

     MODEL   BestRouteForEachDestination   OBJECTIVE  TotalTravelTime
     TYPE    MIP                           DIRECTION  MINIMIZE
     SOLVER  CPLEX                         FROM LINE  93

**** SOLVER STATUS     1 Normal Completion
**** MODEL STATUS      1 Optimal
**** OBJECTIVE VALUE              958.0000

 RESOURCE USAGE, LIMIT          0.000 10000000000.000
 ITERATION COUNT, LIMIT         0    2147483647
--- GAMS/CPLEX licensed for continuous and discrete problems.
--- GMO setup time: 0.00s
--- GMO memory 0.50 Mb (peak 0.50 Mb)
--- Dictionary memory 0.00 Mb
--- Cplex 22.1.1.0 link memory 0.00 Mb (peak 0.00 Mb)
--- Starting Cplex


--- MIP status (101): integer optimal solution.
--- Cplex Time: 0.00sec (det. 0.01 ticks)

--- Returning a primal only solution to GAMS (marginals all set to NA).
--- Fixing integer variables and solving final LP...


--- Fixed MIP status (1): optimal.
--- Cplex Time: 0.00sec (det. 0.01 ticks)


Proven optimal solution
MIP Solution:          958.000000    (0 iterations, 0 nodes)
Final Solve:           958.000000    (0 iterations)

Best possible:         958.000000
Absolute gap:            0.000000
Relative gap:            0.000000


                           LOWER          LEVEL          UPPER         MARGINAL

---- EQU Objective~          .              .              .             1.0000      

---- EQU OnlyOneRouteForEachDestination  

           LOWER          LEVEL          UPPER         MARGINAL

SFO         1.0000         1.0000         1.0000          .          
IAH         1.0000         1.0000         1.0000          .          
DCA         1.0000         1.0000         1.0000          .          
MCO         1.0000         1.0000         1.0000          .          

                           LOWER          LEVEL          UPPER         MARGINAL

---- VAR TotalTrav~        -INF          958.0000        +INF             .          

---- VAR RouteChosen  

               LOWER          LEVEL          UPPER         MARGINAL

ORD.SFO          .              .             1.0000       359.0000      
ORD.IAH          .             1.0000         1.0000       236.0000      
ORD.DCA          .              .             1.0000       194.0000      
ORD.MCO          .              .             1.0000       247.0000      
DTW.SFO          .              .             1.0000       390.0000      
DTW.IAH          .              .             1.0000       257.0000      
DTW.DCA          .             1.0000         1.0000       163.0000      
DTW.MCO          .             1.0000         1.0000       240.0000      
MSP.SFO          .             1.0000         1.0000       319.0000      
MSP.IAH          .              .             1.0000       245.0000      
MSP.DCA          .              .             1.0000       231.0000      
MSP.MCO          .              .             1.0000       282.0000      


**** REPORT SUMMARY :        0     NONOPT
                             0 INFEASIBLE
                             0  UNBOUNDED
GAMS 44.3.0  8b8fb1cb Sep 1, 2023           WEX-WEI x86 64bit/MS Windows - 10/12/23 23:31:31 Page 25
G e n e r a l   A l g e b r a i c   M o d e l i n g   S y s t e m
E x e c u t i o n


----     95 VARIABLE TotalTravelTime.L     =      958.000  

----     95 VARIABLE RouteChosen.L  

            SFO         IAH         DCA         MCO

ORD                   1.000
DTW                               1.000       1.000
MSP       1.000

GAMS 44.3.0  8b8fb1cb Sep 1, 2023           WEX-WEI x86 64bit/MS Windows - 10/12/23 23:31:31 Page 26
G e n e r a l   A l g e b r a i c   M o d e l i n g   S y s t e m
Equation Listing    SOLVE w_AirlineChoiceUnited Using LP From line 148


---- w_ObjectiveUnited  =E=  

w_ObjectiveUnited..  w_TotalTimeUnited =E= 4188 ; (LHS = 0, INFES = 4188 ****)
     
GAMS 44.3.0  8b8fb1cb Sep 1, 2023           WEX-WEI x86 64bit/MS Windows - 10/12/23 23:31:31 Page 27
G e n e r a l   A l g e b r a i c   M o d e l i n g   S y s t e m
Column Listing      SOLVE w_AirlineChoiceUnited Using LP From line 148


---- w_TotalTimeUnited  

w_TotalTimeUnited
                (.LO, .L, .UP, .M = -INF, 0, +INF, 0)
        1       w_ObjectiveUnited

GAMS 44.3.0  8b8fb1cb Sep 1, 2023           WEX-WEI x86 64bit/MS Windows - 10/12/23 23:31:31 Page 28
G e n e r a l   A l g e b r a i c   M o d e l i n g   S y s t e m
Range Statistics    SOLVE w_AirlineChoiceUnited Using LP From line 148


RANGE STATISTICS (ABSOLUTE NON-ZERO FINITE VALUES)

RHS       [min, max] : [ 4.188E+03, 4.188E+03]
Bound     [min, max] : [        NA,        NA]
Matrix    [min, max] : [ 1.000E+00, 1.000E+00]

GAMS 44.3.0  8b8fb1cb Sep 1, 2023           WEX-WEI x86 64bit/MS Windows - 10/12/23 23:31:31 Page 29
G e n e r a l   A l g e b r a i c   M o d e l i n g   S y s t e m
Model Statistics    SOLVE w_AirlineChoiceUnited Using LP From line 148


MODEL STATISTICS

BLOCKS OF EQUATIONS           1     SINGLE EQUATIONS            1
BLOCKS OF VARIABLES           1     SINGLE VARIABLES            1
NON ZERO ELEMENTS             1


GENERATION TIME      =        0.000 SECONDS      4 MB  44.3.0 8b8fb1cb WEX-WEI
GAMS 44.3.0  8b8fb1cb Sep 1, 2023           WEX-WEI x86 64bit/MS Windows - 10/12/23 23:31:31 Page 30
G e n e r a l   A l g e b r a i c   M o d e l i n g   S y s t e m
Solution Report     SOLVE w_AirlineChoiceUnited Using LP From line 148


               S O L V E      S U M M A R Y

     MODEL   w_AirlineChoiceUnited   OBJECTIVE  w_TotalTimeUnited
     TYPE    LP                      DIRECTION  MINIMIZE
     SOLVER  CPLEX                   FROM LINE  148

**** SOLVER STATUS     1 Normal Completion
**** MODEL STATUS      1 Optimal
**** OBJECTIVE VALUE             4188.0000

 RESOURCE USAGE, LIMIT          0.000 10000000000.000
 ITERATION COUNT, LIMIT         0    2147483647
--- GAMS/CPLEX licensed for continuous and discrete problems.
--- GMO setup time: 0.00s
--- GMO memory 0.50 Mb (peak 0.50 Mb)
--- Dictionary memory 0.00 Mb
--- Cplex 22.1.1.0 link memory 0.00 Mb (peak 0.00 Mb)
--- Starting Cplex


--- LP status (1): optimal.
--- Cplex Time: 0.00sec (det. 0.00 ticks)


Optimal solution found
Objective:         4188.000000


                           LOWER          LEVEL          UPPER         MARGINAL

---- EQU w_Objecti~      4188.0000      4188.0000      4188.0000         1.0000      

                           LOWER          LEVEL          UPPER         MARGINAL

---- VAR w_TotalTi~        -INF         4188.0000        +INF             .          


**** REPORT SUMMARY :        0     NONOPT
                             0 INFEASIBLE
                             0  UNBOUNDED
GAMS 44.3.0  8b8fb1cb Sep 1, 2023           WEX-WEI x86 64bit/MS Windows - 10/12/23 23:31:31 Page 31
G e n e r a l   A l g e b r a i c   M o d e l i n g   S y s t e m
E x e c u t i o n


----    150 VARIABLE w_TotalTimeUnited.L   =     4188.000  
GAMS 44.3.0  8b8fb1cb Sep 1, 2023           WEX-WEI x86 64bit/MS Windows - 10/12/23 23:31:31 Page 32
G e n e r a l   A l g e b r a i c   M o d e l i n g   S y s t e m
Equation Listing    SOLVE w_AirlineChoiceDelta1 Using LP From line 152


---- w_ObjectiveDelta1  =E=  

w_ObjectiveDelta1..  w_TotalTimeDelta1 =E= 3522 ; (LHS = 0, INFES = 3522 ****)
     
GAMS 44.3.0  8b8fb1cb Sep 1, 2023           WEX-WEI x86 64bit/MS Windows - 10/12/23 23:31:31 Page 33
G e n e r a l   A l g e b r a i c   M o d e l i n g   S y s t e m
Column Listing      SOLVE w_AirlineChoiceDelta1 Using LP From line 152


---- w_TotalTimeDelta1  

w_TotalTimeDelta1
                (.LO, .L, .UP, .M = -INF, 0, +INF, 0)
        1       w_ObjectiveDelta1

GAMS 44.3.0  8b8fb1cb Sep 1, 2023           WEX-WEI x86 64bit/MS Windows - 10/12/23 23:31:31 Page 34
G e n e r a l   A l g e b r a i c   M o d e l i n g   S y s t e m
Range Statistics    SOLVE w_AirlineChoiceDelta1 Using LP From line 152


RANGE STATISTICS (ABSOLUTE NON-ZERO FINITE VALUES)

RHS       [min, max] : [ 3.522E+03, 3.522E+03]
Bound     [min, max] : [        NA,        NA]
Matrix    [min, max] : [ 1.000E+00, 1.000E+00]

GAMS 44.3.0  8b8fb1cb Sep 1, 2023           WEX-WEI x86 64bit/MS Windows - 10/12/23 23:31:31 Page 35
G e n e r a l   A l g e b r a i c   M o d e l i n g   S y s t e m
Model Statistics    SOLVE w_AirlineChoiceDelta1 Using LP From line 152


MODEL STATISTICS

BLOCKS OF EQUATIONS           1     SINGLE EQUATIONS            1
BLOCKS OF VARIABLES           1     SINGLE VARIABLES            1
NON ZERO ELEMENTS             1


GENERATION TIME      =        0.000 SECONDS      4 MB  44.3.0 8b8fb1cb WEX-WEI
GAMS 44.3.0  8b8fb1cb Sep 1, 2023           WEX-WEI x86 64bit/MS Windows - 10/12/23 23:31:31 Page 36
G e n e r a l   A l g e b r a i c   M o d e l i n g   S y s t e m
Solution Report     SOLVE w_AirlineChoiceDelta1 Using LP From line 152


               S O L V E      S U M M A R Y

     MODEL   w_AirlineChoiceDelta1   OBJECTIVE  w_TotalTimeDelta1
     TYPE    LP                      DIRECTION  MINIMIZE
     SOLVER  CPLEX                   FROM LINE  152

**** SOLVER STATUS     1 Normal Completion
**** MODEL STATUS      1 Optimal
**** OBJECTIVE VALUE             3522.0000

 RESOURCE USAGE, LIMIT          0.000 10000000000.000
 ITERATION COUNT, LIMIT         0    2147483647
--- GAMS/CPLEX licensed for continuous and discrete problems.
--- GMO setup time: 0.00s
--- GMO memory 0.50 Mb (peak 0.50 Mb)
--- Dictionary memory 0.00 Mb
--- Cplex 22.1.1.0 link memory 0.00 Mb (peak 0.00 Mb)
--- Starting Cplex


--- LP status (1): optimal.
--- Cplex Time: 0.00sec (det. 0.00 ticks)


Optimal solution found
Objective:         3522.000000


                           LOWER          LEVEL          UPPER         MARGINAL

---- EQU w_Objecti~      3522.0000      3522.0000      3522.0000         1.0000      

                           LOWER          LEVEL          UPPER         MARGINAL

---- VAR w_TotalTi~        -INF         3522.0000        +INF             .          


**** REPORT SUMMARY :        0     NONOPT
                             0 INFEASIBLE
                             0  UNBOUNDED
GAMS 44.3.0  8b8fb1cb Sep 1, 2023           WEX-WEI x86 64bit/MS Windows - 10/12/23 23:31:31 Page 37
G e n e r a l   A l g e b r a i c   M o d e l i n g   S y s t e m
E x e c u t i o n


----    154 VARIABLE w_TotalTimeDelta1.L   =     3522.000  
GAMS 44.3.0  8b8fb1cb Sep 1, 2023           WEX-WEI x86 64bit/MS Windows - 10/12/23 23:31:31 Page 38
G e n e r a l   A l g e b r a i c   M o d e l i n g   S y s t e m
Equation Listing    SOLVE w_AirlineChoiceDelta2 Using MIP From line 161


---- w_ObjectiveDelta2  =E=  

w_ObjectiveDelta2..  - 3690*HubChosenDeltaDTW - 3951*HubChosenDeltaMSP + w_TotalTimeDelta2 =E= 0 ; (LHS = -3690, INFES = 3690 ****)
     

---- w_OnlyOneHubChosen  =E=  

w_OnlyOneHubChosen..  HubChosenDeltaDTW + HubChosenDeltaMSP =E= 1 ; (LHS = 1)
     
GAMS 44.3.0  8b8fb1cb Sep 1, 2023           WEX-WEI x86 64bit/MS Windows - 10/12/23 23:31:31 Page 39
G e n e r a l   A l g e b r a i c   M o d e l i n g   S y s t e m
Column Listing      SOLVE w_AirlineChoiceDelta2 Using MIP From line 161


---- HubChosenDeltaDTW  

HubChosenDeltaDTW
                (.LO, .L, .UP, .M = 0, 1, 1, 3150)
    -3690       w_ObjectiveDelta2
        1       w_OnlyOneHubChosen


---- HubChosenDeltaMSP  

HubChosenDeltaMSP
                (.LO, .L, .UP, .M = 0, 0, 1, 3231)
    -3951       w_ObjectiveDelta2
        1       w_OnlyOneHubChosen


---- w_TotalTimeDelta2  

w_TotalTimeDelta2
                (.LO, .L, .UP, .M = -INF, 0, +INF, 0)
        1       w_ObjectiveDelta2

GAMS 44.3.0  8b8fb1cb Sep 1, 2023           WEX-WEI x86 64bit/MS Windows - 10/12/23 23:31:31 Page 40
G e n e r a l   A l g e b r a i c   M o d e l i n g   S y s t e m
Range Statistics    SOLVE w_AirlineChoiceDelta2 Using MIP From line 161


RANGE STATISTICS (ABSOLUTE NON-ZERO FINITE VALUES)

RHS       [min, max] : [ 1.000E+00, 1.000E+00] - Zero values observed as well
Bound     [min, max] : [ 1.000E+00, 1.000E+00] - Zero values observed as well
Matrix    [min, max] : [ 1.000E+00, 3.951E+03]

GAMS 44.3.0  8b8fb1cb Sep 1, 2023           WEX-WEI x86 64bit/MS Windows - 10/12/23 23:31:31 Page 41
G e n e r a l   A l g e b r a i c   M o d e l i n g   S y s t e m
Model Statistics    SOLVE w_AirlineChoiceDelta2 Using MIP From line 161


MODEL STATISTICS

BLOCKS OF EQUATIONS           2     SINGLE EQUATIONS            2
BLOCKS OF VARIABLES           3     SINGLE VARIABLES            3
NON ZERO ELEMENTS             5     DISCRETE VARIABLES          2


GENERATION TIME      =        0.000 SECONDS      4 MB  44.3.0 8b8fb1cb WEX-WEI
GAMS 44.3.0  8b8fb1cb Sep 1, 2023           WEX-WEI x86 64bit/MS Windows - 10/12/23 23:31:31 Page 42
G e n e r a l   A l g e b r a i c   M o d e l i n g   S y s t e m
Solution Report     SOLVE w_AirlineChoiceDelta2 Using MIP From line 161


               S O L V E      S U M M A R Y

     MODEL   w_AirlineChoiceDelta2   OBJECTIVE  w_TotalTimeDelta2
     TYPE    MIP                     DIRECTION  MINIMIZE
     SOLVER  CPLEX                   FROM LINE  161

**** SOLVER STATUS     1 Normal Completion
**** MODEL STATUS      1 Optimal
**** OBJECTIVE VALUE             3690.0000

 RESOURCE USAGE, LIMIT          0.000 10000000000.000
 ITERATION COUNT, LIMIT         0    2147483647
--- GAMS/CPLEX licensed for continuous and discrete problems.
--- GMO setup time: 0.00s
--- GMO memory 0.50 Mb (peak 0.50 Mb)
--- Dictionary memory 0.00 Mb
--- Cplex 22.1.1.0 link memory 0.00 Mb (peak 0.00 Mb)
--- Starting Cplex


--- MIP status (101): integer optimal solution.
--- Cplex Time: 0.00sec (det. 0.00 ticks)

--- Returning a primal only solution to GAMS (marginals all set to NA).
--- Fixing integer variables and solving final LP...


--- Fixed MIP status (1): optimal.
--- Cplex Time: 0.00sec (det. 0.00 ticks)


Proven optimal solution
MIP Solution:         3690.000000    (0 iterations, 0 nodes)
Final Solve:          3690.000000    (0 iterations)

Best possible:        3690.000000
Absolute gap:            0.000000
Relative gap:            0.000000


                           LOWER          LEVEL          UPPER         MARGINAL

---- EQU w_Objecti~          .              .              .             1.0000      
---- EQU w_OnlyOne~         1.0000         1.0000         1.0000          .          

                           LOWER          LEVEL          UPPER         MARGINAL

---- VAR HubChosen~          .             1.0000         1.0000      3690.0000      
---- VAR HubChosen~          .              .             1.0000      3951.0000      
---- VAR w_TotalTi~        -INF         3690.0000        +INF             .          


**** REPORT SUMMARY :        0     NONOPT
                             0 INFEASIBLE
                             0  UNBOUNDED
GAMS 44.3.0  8b8fb1cb Sep 1, 2023           WEX-WEI x86 64bit/MS Windows - 10/12/23 23:31:31 Page 43
G e n e r a l   A l g e b r a i c   M o d e l i n g   S y s t e m
E x e c u t i o n


----    163 VARIABLE w_TotalTimeUnited.L   =     4188.000  

----    165 VARIABLE w_TotalTimeDelta2.L   =     3690.000  

----    167 VARIABLE RouteChosen.L  

            SFO         IAH         DCA         MCO

ORD                   1.000
DTW                               1.000       1.000
MSP       1.000

GAMS 44.3.0  8b8fb1cb Sep 1, 2023           WEX-WEI x86 64bit/MS Windows - 10/12/23 23:31:31 Page 44
G e n e r a l   A l g e b r a i c   M o d e l i n g   S y s t e m
Equation Listing    SOLVE w_BestRouteForEachDestination Using MIP From line 173


---- w_ObjectiveTotal  =E=  

w_ObjectiveTotal..  - 449*RouteChosen(ORD,SFO) - 326*RouteChosen(ORD,IAH) - 284*RouteChosen(ORD,DCA) - 337*RouteChosen(ORD,MCO) - 435*RouteChosen(DTW,SFO) - 302*RouteChosen(DTW,IAH) - 208*RouteChosen(DTW,DCA) - 285*RouteChosen(DTW,MCO) - 379*RouteChosen(MSP,SFO) - 305*RouteChosen(MSP,IAH) - 291*RouteChosen(MSP,DCA) - 342*RouteChosen(MSP,MCO) + w_TotalTravelTime =E= 0 ; (LHS = -1198, INFES = 1198 ****)
     

---- w_OnlyOneRouteForEachDestination  =E=  

w_OnlyOneRouteForEachDestination(SFO)..  RouteChosen(ORD,SFO) + RouteChosen(DTW,SFO) + RouteChosen(MSP,SFO) =E= 1 ; (LHS = 1)
     
w_OnlyOneRouteForEachDestination(IAH)..  RouteChosen(ORD,IAH) + RouteChosen(DTW,IAH) + RouteChosen(MSP,IAH) =E= 1 ; (LHS = 1)
     
w_OnlyOneRouteForEachDestination(DCA)..  RouteChosen(ORD,DCA) + RouteChosen(DTW,DCA) + RouteChosen(MSP,DCA) =E= 1 ; (LHS = 1)
     
REMAINING ENTRY SKIPPED

GAMS 44.3.0  8b8fb1cb Sep 1, 2023           WEX-WEI x86 64bit/MS Windows - 10/12/23 23:31:31 Page 45
G e n e r a l   A l g e b r a i c   M o d e l i n g   S y s t e m
Column Listing      SOLVE w_BestRouteForEachDestination Using MIP From line 173


---- RouteChosen  

RouteChosen(ORD,SFO)
                (.LO, .L, .UP, .M = 0, 0, 1, 359)
     -449       w_ObjectiveTotal
        1       w_OnlyOneRouteForEachDestination(SFO)

RouteChosen(ORD,IAH)
                (.LO, .L, .UP, .M = 0, 1, 1, 236)
     -326       w_ObjectiveTotal
        1       w_OnlyOneRouteForEachDestination(IAH)

RouteChosen(ORD,DCA)
                (.LO, .L, .UP, .M = 0, 0, 1, 194)
     -284       w_ObjectiveTotal
        1       w_OnlyOneRouteForEachDestination(DCA)

REMAINING 9 ENTRIES SKIPPED

---- w_TotalTravelTime  

w_TotalTravelTime
                (.LO, .L, .UP, .M = -INF, 0, +INF, 0)
        1       w_ObjectiveTotal

GAMS 44.3.0  8b8fb1cb Sep 1, 2023           WEX-WEI x86 64bit/MS Windows - 10/12/23 23:31:31 Page 46
G e n e r a l   A l g e b r a i c   M o d e l i n g   S y s t e m
Range Statistics    SOLVE w_BestRouteForEachDestination Using MIP From line 173


RANGE STATISTICS (ABSOLUTE NON-ZERO FINITE VALUES)

RHS       [min, max] : [ 1.000E+00, 1.000E+00] - Zero values observed as well
Bound     [min, max] : [ 1.000E+00, 1.000E+00] - Zero values observed as well
Matrix    [min, max] : [ 1.000E+00, 4.490E+02]

GAMS 44.3.0  8b8fb1cb Sep 1, 2023           WEX-WEI x86 64bit/MS Windows - 10/12/23 23:31:31 Page 47
G e n e r a l   A l g e b r a i c   M o d e l i n g   S y s t e m
Model Statistics    SOLVE w_BestRouteForEachDestination Using MIP From line 173


MODEL STATISTICS

BLOCKS OF EQUATIONS           2     SINGLE EQUATIONS            5
BLOCKS OF VARIABLES           2     SINGLE VARIABLES           13
NON ZERO ELEMENTS            25     DISCRETE VARIABLES         12


GENERATION TIME      =        0.000 SECONDS      4 MB  44.3.0 8b8fb1cb WEX-WEI
GAMS 44.3.0  8b8fb1cb Sep 1, 2023           WEX-WEI x86 64bit/MS Windows - 10/12/23 23:31:31 Page 48
G e n e r a l   A l g e b r a i c   M o d e l i n g   S y s t e m
Solution Report     SOLVE w_BestRouteForEachDestination Using MIP From line 173


               S O L V E      S U M M A R Y

     MODEL   w_BestRouteForEachDestination   OBJECTIVE  w_TotalTravelTime
     TYPE    MIP                             DIRECTION  MINIMIZE
     SOLVER  CPLEX                           FROM LINE  173

**** SOLVER STATUS     1 Normal Completion
**** MODEL STATUS      1 Optimal
**** OBJECTIVE VALUE             1174.0000

 RESOURCE USAGE, LIMIT          0.000 10000000000.000
 ITERATION COUNT, LIMIT         0    2147483647
--- GAMS/CPLEX licensed for continuous and discrete problems.
--- GMO setup time: 0.00s
--- GMO memory 0.50 Mb (peak 0.50 Mb)
--- Dictionary memory 0.00 Mb
--- Cplex 22.1.1.0 link memory 0.00 Mb (peak 0.00 Mb)
--- Starting Cplex


--- MIP status (101): integer optimal solution.
--- Cplex Time: 0.00sec (det. 0.01 ticks)

--- Returning a primal only solution to GAMS (marginals all set to NA).
--- Fixing integer variables and solving final LP...


--- Fixed MIP status (1): optimal.
--- Cplex Time: 0.00sec (det. 0.01 ticks)


Proven optimal solution
MIP Solution:         1174.000000    (0 iterations, 0 nodes)
Final Solve:          1174.000000    (0 iterations)

Best possible:        1174.000000
Absolute gap:            0.000000
Relative gap:            0.000000


                           LOWER          LEVEL          UPPER         MARGINAL

---- EQU w_Objecti~          .              .              .             1.0000      

---- EQU w_OnlyOneRouteForEachDestination  

           LOWER          LEVEL          UPPER         MARGINAL

SFO         1.0000         1.0000         1.0000          .          
IAH         1.0000         1.0000         1.0000          .          
DCA         1.0000         1.0000         1.0000          .          
MCO         1.0000         1.0000         1.0000          .          

---- VAR RouteChosen  

               LOWER          LEVEL          UPPER         MARGINAL

ORD.SFO          .              .             1.0000       449.0000      
ORD.IAH          .              .             1.0000       326.0000      
ORD.DCA          .              .             1.0000       284.0000      
ORD.MCO          .              .             1.0000       337.0000      
DTW.SFO          .              .             1.0000       435.0000      
DTW.IAH          .             1.0000         1.0000       302.0000      
DTW.DCA          .             1.0000         1.0000       208.0000      
DTW.MCO          .             1.0000         1.0000       285.0000      
MSP.SFO          .             1.0000         1.0000       379.0000      
MSP.IAH          .              .             1.0000       305.0000      
MSP.DCA          .              .             1.0000       291.0000      
MSP.MCO          .              .             1.0000       342.0000      

                           LOWER          LEVEL          UPPER         MARGINAL

---- VAR w_TotalTr~        -INF         1174.0000        +INF             .          


**** REPORT SUMMARY :        0     NONOPT
                             0 INFEASIBLE
                             0  UNBOUNDED
GAMS 44.3.0  8b8fb1cb Sep 1, 2023           WEX-WEI x86 64bit/MS Windows - 10/12/23 23:31:31 Page 49
G e n e r a l   A l g e b r a i c   M o d e l i n g   S y s t e m
E x e c u t i o n


----    175 VARIABLE w_TotalTravelTime.L   =     1174.000  

----    175 VARIABLE RouteChosen.L  

            SFO         IAH         DCA         MCO

DTW                   1.000       1.000       1.000
MSP       1.000



EXECUTION TIME       =        0.312 SECONDS      4 MB  44.3.0 8b8fb1cb WEX-WEI


USER: Introduction to Optimization (CS/ISyE/ECE 524) G230906|0002AS-GEN
      UW-Madison, CS Dept., Fall 2023, Prof. Ferris              DCE850
      License for teaching and research at degree granting institutions


**** FILE SUMMARY

Input      D:\GAMS\CODE\hw4-3.gms
Output     D:\GAMS\CODE\hw4-3.lst
